// Jest Snapshot v1, https://goo.gl/fbAQLP

exports[`should render ExpenseListItem 1`] = `
<div>
  <NavLink
    activeClassName="active"
    to="/edit/2"
  >
    Rent
  </NavLink>
  <p>
    109500
     - 
    -345600000
  </p>
</div>
`;
