// Jest Snapshot v1, https://goo.gl/fbAQLP

exports[`should match snapshot for std filters, 1 expense 1`] = `
<div>
  Viewing 
   expense
  s
   totalling 
  $100.00
</div>
`;

exports[`should match snapshot for std filters, expenses 1`] = `
<div>
  Viewing 
   expense
  s
   totalling 
  $100.00
</div>
`;
